[    2647ms] [ERROR] Failed to load resource: the server responded with a status of 401 () @ https://github.com/in-product-messaging/budget-threshold-banner?organization=openclaw:0
[    3255ms] [ERROR] Failed to load resource: the server responded with a status of 404 () @ https://github.com/openclaw/openclaw/issue_comments/5489481033/edit_form?textarea_id=issuecomment-5489481033-body&comment_context=:0
[    8423ms] [ERROR] Error: Not connected to alive
    at i (https://github.githubassets.com/assets/xsl-ed45d49dcee8f9a6.js:2:3200)
    at https://github.githubassets.com/assets/xsl-ed45d49dcee8f9a6.js:2:5882 @ https://github.githubassets.com/assets/xsl-ed45d49dcee8f9a6.js:1
[    8425ms] [ERROR] Error: Not connected to alive
    at i (https://github.githubassets.com/assets/xsl-ed45d49dcee8f9a6.js:2:3200)
    at https://github.githubassets.com/assets/xsl-ed45d49dcee8f9a6.js:2:5882 @ https://github.githubassets.com/assets/xsl-ed45d49dcee8f9a6.js:1
[    8425ms] [ERROR] Error: Not connected to alive
    at i (https://github.githubassets.com/assets/xsl-ed45d49dcee8f9a6.js:2:3200)
    at https://github.githubassets.com/assets/xsl-ed45d49dcee8f9a6.js:2:5882 @ https://github.githubassets.com/assets/xsl-ed45d49dcee8f9a6.js:1
[    8425ms] [ERROR] Error: Not connected to alive
    at i (https://github.githubassets.com/assets/xsl-ed45d49dcee8f9a6.js:2:3200)
    at https://github.githubassets.com/assets/xsl-ed45d49dcee8f9a6.js:2:5882 @ https://github.githubassets.com/assets/xsl-ed45d49dcee8f9a6.js:1
[    8425ms] [ERROR] Error: Not connected to alive
    at i (https://github.githubassets.com/assets/xsl-ed45d49dcee8f9a6.js:2:3200)
    at https://github.githubassets.com/assets/xsl-ed45d49dcee8f9a6.js:2:5882 @ https://github.githubassets.com/assets/xsl-ed45d49dcee8f9a6.js:1
[    8425ms] [ERROR] Error: Not connected to alive
    at i (https://github.githubassets.com/assets/xsl-ed45d49dcee8f9a6.js:2:3200)
    at https://github.githubassets.com/assets/xsl-ed45d49dcee8f9a6.js:2:5882 @ https://github.githubassets.com/assets/xsl-ed45d49dcee8f9a6.js:1
[    8425ms] [ERROR] Error: Not connected to alive
    at i (https://github.githubassets.com/assets/xsl-ed45d49dcee8f9a6.js:2:3200)
    at https://github.githubassets.com/assets/xsl-ed45d49dcee8f9a6.js:2:5882 @ https://github.githubassets.com/assets/xsl-ed45d49dcee8f9a6.js:1
